

> web@0.1.0 build
> NODE_OPTIONS="--max-old-space-size=4096" next build

   ▲ Next.js 15.1.0
   - Environments: .env.local

   Creating an optimized production build ...
 ✓ Compiled successfully
   Skipping validation of types
   Linting     ✓ Linting 
   Collecting page data     ✓ Collecting page data 
 ✓ Generating static pages (14/14)
   Collecting build traces     ✓ Collecting build traces 
   Finalizing page optimization     ✓ Finalizing page optimization 

Route (app)                              Size     First Load JS
┌ ○ /                                    6.32 kB         115 kB
├ ○ /_not-found                          982 B           107 kB
├ ƒ /api/account/me                      142 B           106 kB
├ ƒ /api/contact                         142 B           106 kB
├ ○ /cookies                             174 B           109 kB
├ ○ /onboarding                          142 B           106 kB
├ ○ /onboarding/return                   3.7 kB          116 kB
├ ○ /partners                            3.17 kB         112 kB
├ ○ /privacy                             174 B           109 kB
├ ○ /signup                              4.1 kB          116 kB
├ ○ /terms                               174 B           109 kB
└ ○ /transparency                        42.6 kB         155 kB
+ First Load JS shared by all            106 kB
  ├ chunks/855-9e0e225d3f0fc91d.js       50.6 kB
  ├ chunks/87c73c54-3980c83ef4daebc9.js  53.1 kB
  └ other shared chunks (total)          1.9 kB


○  (Static)   prerendered as static content
ƒ  (Dynamic)  server-rendered on demand

