
> nodlr@0.1.0 dev
> next dev -H 127.0.0.1 -p 3001

  ▲ Next.js 14.2.3
  - Local:        http://127.0.0.1:3001
  - Network:      http://127.0.0.1:3001
  - Environments: .env.local

 ✓ Starting...
 ✓ Ready in 3.1s
 ○ Compiling /dashboard/finances ...
 ✓ Compiled /dashboard/finances in 9.7s (1446 modules)
 GET /dashboard/finances 200 in 10291ms
 ✓ Compiled in 891ms (727 modules)
 ○ Compiling /dashboard ...
 ✓ Compiled /dashboard in 1120ms (1429 modules)
 GET /dashboard 200 in 1485ms
 ○ Compiling /dashboard/hardware ...
 ✓ Compiled /dashboard/hardware in 941ms (1448 modules)
 ✓ Compiled /dashboard/finances in 313ms (729 modules)
 ✓ Compiled /dashboard/affiliates in 422ms (1471 modules)
 ○ Compiling /dashboard/settings ...
 ✓ Compiled /dashboard/settings in 1734ms (1487 modules)
