
> nodlr@0.1.0 dev
> next dev -H 127.0.0.1 -p 3002

   ▲ Next.js 15.1.0
   - Local:        http://127.0.0.1:3002
   - Network:      http://127.0.0.1:3002
   - Environments: .env.local

 ✓ Starting...
 ✓ Ready in 3s
 ○ Compiling /api/avatar ...
 ✓ Compiled /api/avatar in 1715ms (331 modules)
 GET /api/avatar 200 in 2036ms
 ○ Compiling / ...
 ✓ Compiled / in 15.6s (2566 modules)
 GET / 200 in 17381ms
 ✓ Compiled in 2.7s (1251 modules)
 ○ Compiling /login ...
 ✓ Compiled /login in 3s (2567 modules)
 GET /login 200 in 3366ms
 GET /login 200 in 59ms
 GET / 200 in 376ms
 GET /login 200 in 336ms
 GET /login 200 in 206ms
 ○ Compiling /dashboard ...
 ✓ Compiled /dashboard in 1990ms (2596 modules)
 GET /dashboard 200 in 2244ms
 ✓ Compiled /api/avatar in 400ms (1353 modules)
 GET /api/avatar 200 in 564ms
 GET /api/avatar 200 in 13ms
 ○ Compiling /_not-found ...
 ✓ Compiled /_not-found in 3.6s (2618 modules)
 GET /_next/static/chunks/app/LayoutGroupContext.mjs.map 404 in 2262ms
 GET /.well-known/appspecific/com.chrome.devtools.json 404 in 4046ms
 GET /_next/static/chunks/app/login/LayoutGroupContext.mjs.map 404 in 2036ms
 ✓ Compiled in 4.4s (2596 modules)
 ✓ Compiled /api/avatar in 431ms (1353 modules)
 HEAD /api/avatar 200 in 718ms
 GET /login 200 in 346ms
 GET /dashboard 200 in 98ms
 GET /api/avatar 200 in 55ms
 GET /api/avatar 200 in 25ms
 ○ Compiling /dashboard/hardware ...
 ✓ Compiled /dashboard/hardware in 5.3s (2637 modules)
 GET /dashboard/hardware 200 in 5589ms
 GET /dashboard/hardware 200 in 517ms
 GET /api/avatar 200 in 77ms
 GET /api/avatar 200 in 46ms
 ○ Compiling /dashboard/settings ...
 ✓ Compiled /dashboard/settings in 2.9s (2658 modules)
 GET /dashboard/settings 200 in 3177ms
 GET /dashboard/hardware 200 in 485ms
 GET /api/avatar 200 in 99ms
 GET /api/avatar 200 in 15ms
 GET /dashboard 200 in 87ms
 GET /dashboard 200 in 95ms
 GET /api/avatar 200 in 53ms
 GET /api/avatar 200 in 30ms
 ○ Compiling /_not-found ...
 ✓ Compiled /_not-found in 2.1s (2662 modules)
 GET /.well-known/appspecific/com.chrome.devtools.json 404 in 2345ms
 GET /_next/static/chunks/app/LayoutGroupContext.mjs.map 404 in 40ms
 ⚠ Fast Refresh had to perform a full reload. Read more: https://nextjs.org/docs/messages/fast-refresh-reload
 ⚠ Fast Refresh had to perform a full reload. Read more: https://nextjs.org/docs/messages/fast-refresh-reload
 ✓ Compiled in 8.2s (2740 modules)
 GET /dashboard 200 in 1510ms
 GET /dashboard 200 in 1529ms
 GET /dashboard 200 in 3367ms
 GET /dashboard 200 in 95ms
 ○ Compiling /api/avatar ...
 ✓ Compiled /api/avatar in 1216ms (1412 modules)
 GET /api/avatar 200 in 1514ms
 GET /api/avatar 200 in 30ms
 GET /api/avatar 200 in 66ms
 GET /api/avatar 200 in 23ms
 HEAD /api/avatar 200 in 11ms
 GET /dashboard/hardware 200 in 243ms
 GET /dashboard 200 in 62ms
 GET /dashboard/hardware 200 in 42ms
 ○ Compiling /dashboard/finances ...
 ✓ Compiled /dashboard/finances in 2.6s (2724 modules)
 GET /dashboard/finances 200 in 2764ms
 GET /dashboard/finances 200 in 21ms
 ○ Compiling /dashboard/affiliates ...
 ✓ Compiled /dashboard/affiliates in 1656ms (2737 modules)
 GET /dashboard/affiliates 200 in 1812ms
 GET /dashboard 200 in 32ms
 GET /dashboard 200 in 50ms
 GET /dashboard 200 in 728ms
 ✓ Compiled in 3.8s (2730 modules)
 ○ Compiling /api/nodes ...
 ✓ Compiled /api/nodes in 4.2s (2744 modules)
 ✓ Compiled in 1201ms (1326 modules)
 GET /api/nodes 401 in 3662ms
 ⚠ Fast Refresh had to perform a full reload due to a runtime error.
 GET /dashboard 200 in 1058ms
 ○ Compiling /api/avatar ...
 ✓ Compiled /api/avatar in 916ms (1424 modules)
 GET /api/avatar 200 in 1661ms
 GET /api/nodes 401 in 1298ms
 GET /api/avatar 200 in 35ms
