
> nodlr-portal@0.1.0 dev
> next dev -H 127.0.0.1 -p 3002

   ▲ Next.js 15.1.0
   - Local:        http://127.0.0.1:3002
   - Network:      http://127.0.0.1:3002
   - Environments: .env.local, .env

 ✓ Starting...
 ✓ Ready in 2.8s
 ✓ Compiled /middleware in 323ms (98 modules)
 ○ Compiling /api/nodes ...
 ✓ Compiled /api/nodes in 1835ms (331 modules)
[Feature Flags]: {
  NODLR_DISABLE_SIM: false,
  COMMAND_DISABLE_SIM: false,
  NODLR_DEBUG_REGISTRATION: false
}
Nodlr API /api/nodes: Missing authorization or user-id headers
 GET /api/nodes 200 in 2117ms
 ○ Compiling /api/v1/system/pulse ...
 ✓ Compiled /api/v1/system/pulse in 670ms (333 modules)
 GET /api/v1/system/pulse 200 in 828ms
 GET /api/v1/system/pulse 200 in 14ms
[Feature Flags]: {
  NODLR_DISABLE_SIM: false,
  COMMAND_DISABLE_SIM: false,
  NODLR_DEBUG_REGISTRATION: false
}
Nodlr API /api/nodes: Missing authorization or user-id headers
 GET /api/nodes 200 in 21ms
Nodlr API /api/nodes: Missing authorization or user-id headers
 GET /api/nodes 200 in 15ms
Nodlr API /api/nodes: Missing authorization or user-id headers
 GET /api/nodes 200 in 13ms
 GET /api/v1/system/pulse 200 in 15ms
 GET /api/v1/system/pulse 200 in 18ms
 GET /api/v1/system/pulse 200 in 31ms
Nodlr API /api/nodes: Missing authorization or user-id headers
 GET /api/nodes 200 in 42ms
 ○ Compiling /_not-found ...
 ✓ Compiled /_not-found in 5.9s (2221 modules)
 GET /governance 404 in 6302ms
 ✓ Compiled in 1485ms (2207 modules)
 GET /governance 404 in 1296ms
 ○ Compiling /api/account/me ...
 ✓ Compiled /api/account/me in 1401ms (2209 modules)
 GET /api/account/me 200 in 1650ms
 GET /api/v1/system/pulse 200 in 24ms
 GET /api/v1/system/pulse 200 in 18ms
 GET /.well-known/appspecific/com.chrome.devtools.json 404 in 191ms
 GET /_next/static/chunks/app/LayoutGroupContext.mjs.map 404 in 30ms
 GET /api/v1/system/pulse 200 in 29ms
 GET /api/v1/system/pulse 200 in 13ms
 GET /api/v1/system/pulse 200 in 31ms
 GET /api/v1/system/pulse 200 in 14ms
 GET /api/v1/system/pulse 200 in 12ms
 GET /api/v1/system/pulse 200 in 15ms
 GET /api/v1/system/pulse 200 in 13ms
 GET /api/v1/system/pulse 200 in 12ms
 GET /api/v1/system/pulse 200 in 12ms
 GET /api/v1/system/pulse 200 in 12ms
 GET /api/v1/system/pulse 200 in 12ms
 GET /api/v1/system/pulse 200 in 13ms
 GET /api/v1/system/pulse 200 in 12ms
 GET /api/v1/system/pulse 200 in 14ms
 GET /api/v1/system/pulse 200 in 12ms
 GET /api/v1/system/pulse 200 in 13ms
 GET /api/v1/system/pulse 200 in 12ms
 GET /api/v1/system/pulse 200 in 11ms
 GET /api/v1/system/pulse 200 in 12ms
 GET /api/v1/system/pulse 200 in 13ms
 GET /api/v1/system/pulse 200 in 15ms
 GET /api/v1/system/pulse 200 in 13ms
 GET /api/v1/system/pulse 200 in 12ms
 GET /governance 404 in 40ms
 GET /api/account/me 200 in 20ms
 ○ Compiling / ...
 ✓ Compiled / in 1252ms (2221 modules)
 GET / 200 in 1557ms
 GET /api/account/me 200 in 62ms
 ○ Compiling /login ...
 ✓ Compiled /login in 1715ms (2234 modules)
 GET /login 200 in 1962ms
 GET /login 200 in 19ms
 GET /api/v1/system/pulse 200 in 28ms
 ✓ Compiled /api/auth/[...path] in 441ms (2236 modules)
 POST /api/auth/debug-session 200 in 1418ms
 ○ Compiling /dashboard ...
 ✓ Compiled /dashboard in 1808ms (2389 modules)
 GET /dashboard 200 in 2087ms
 GET /api/v1/system/pulse 200 in 53ms
 GET /api/account/me 200 in 62ms
 GET /api/account/me 200 in 14ms
 ○ Compiling /api/nodes ...
 ✓ Compiled /api/nodes in 1321ms (2394 modules)
 GET /api/account/me 200 in 1408ms
[Feature Flags]: {
  NODLR_DISABLE_SIM: false,
  COMMAND_DISABLE_SIM: false,
  NODLR_DEBUG_REGISTRATION: false
}
Nodlr API /api/nodes: Missing authorization or user-id headers
 GET /api/nodes 200 in 1422ms
 GET /api/v1/impact 200 in 1439ms
 ○ Compiling /dashboard/governance ...
 ⨯ ./app/dashboard/governance/components/CommunityPanel.tsx:6:1
Module not found: Can't resolve '../../discord/components/DiscordLivePanel'
  4 | import { MessageCircle, Maximize2, Minimize2 } from 'lucide-react';
  5 | import Tooltip from './Tooltip';
> 6 | import DiscordLivePanel from '../../discord/components/DiscordLivePanel';
    | ^
  7 |
  8 | export default function CommunityPanel() {
  9 |   const [isExpanded, setIsExpanded] = useState(false);

https://nextjs.org/docs/messages/module-not-found

Import trace for requested module:
./app/dashboard/governance/page.tsx
 ⨯ ./app/dashboard/governance/components/CommunityPanel.tsx:6:1
Module not found: Can't resolve '../../discord/components/DiscordLivePanel'
  4 | import { MessageCircle, Maximize2, Minimize2 } from 'lucide-react';
  5 | import Tooltip from './Tooltip';
> 6 | import DiscordLivePanel from '../../discord/components/DiscordLivePanel';
    | ^
  7 |
  8 | export default function CommunityPanel() {
  9 |   const [isExpanded, setIsExpanded] = useState(false);

https://nextjs.org/docs/messages/module-not-found

Import trace for requested module:
./app/dashboard/governance/page.tsx
 GET /dashboard/governance 500 in 6282ms
 GET /dashboard/governance 500 in 27ms
 GET /dashboard/governance 500 in 124ms
 GET /dashboard/governance 500 in 151ms
 GET /_next/static/css/42c2bb4e32fecb9f.css 500 in 23ms
 GET /api/v1/system/pulse 500 in 21ms
 GET /api/account/me 500 in 29ms
 GET /login 500 in 28ms
 GET /login 500 in 19ms
 GET /api/v1/system/pulse 500 in 15ms
 GET /api/v1/system/pulse 500 in 16ms
 GET /api/v1/system/pulse 500 in 17ms
 GET /api/v1/system/pulse 500 in 25ms
 GET /api/v1/system/pulse 500 in 28ms
 GET /api/v1/system/pulse 500 in 20ms
 GET /api/v1/system/pulse 500 in 24ms
 GET /api/v1/system/pulse 500 in 18ms
 GET /api/v1/system/pulse 500 in 19ms
 GET /api/v1/system/pulse 500 in 21ms
 GET /api/v1/system/pulse 500 in 19ms
 GET /api/v1/system/pulse 500 in 19ms
 GET /api/v1/system/pulse 500 in 19ms
 GET /api/v1/system/pulse 500 in 42ms
 GET /api/v1/system/pulse 500 in 18ms
 GET /api/v1/system/pulse 500 in 17ms
 GET /api/v1/system/pulse 500 in 20ms
 GET /api/v1/system/pulse 500 in 16ms
 GET /api/v1/system/pulse 500 in 18ms
 GET /api/v1/system/pulse 500 in 17ms
 GET /api/v1/system/pulse 500 in 21ms
 ⨯ ./app/dashboard/governance/components/CommunityPanel.tsx:6:1
Module not found: Can't resolve '../../discord/components/DiscordLivePanel'
  4 | import { MessageCircle, Maximize2, Minimize2 } from 'lucide-react';
  5 | import Tooltip from './Tooltip';
> 6 | import DiscordLivePanel from '../../discord/components/DiscordLivePanel';
    | ^
  7 |
  8 | export default function CommunityPanel() {
  9 |   const [isExpanded, setIsExpanded] = useState(false);

https://nextjs.org/docs/messages/module-not-found

Import trace for requested module:
./app/dashboard/governance/page.tsx
 ⨯ ./app/dashboard/governance/components/CommunityPanel.tsx:6:1
Module not found: Can't resolve '../../discord/components/DiscordLivePanel'
  4 | import { MessageCircle, Maximize2, Minimize2 } from 'lucide-react';
  5 | import Tooltip from './Tooltip';
> 6 | import DiscordLivePanel from '../../discord/components/DiscordLivePanel';
    | ^
  7 |
  8 | export default function CommunityPanel() {
  9 |   const [isExpanded, setIsExpanded] = useState(false);

https://nextjs.org/docs/messages/module-not-found

Import trace for requested module:
./app/dashboard/governance/page.tsx
 ⨯ ./app/dashboard/governance/components/CommunityPanel.tsx:6:1
Module not found: Can't resolve '../../discord/components/DiscordLivePanel'
  4 | import { MessageCircle, Maximize2, Minimize2 } from 'lucide-react';
  5 | import Tooltip from './Tooltip';
> 6 | import DiscordLivePanel from '../../discord/components/DiscordLivePanel';
    | ^
  7 |
  8 | export default function CommunityPanel() {
  9 |   const [isExpanded, setIsExpanded] = useState(false);

https://nextjs.org/docs/messages/module-not-found

Import trace for requested module:
./app/dashboard/governance/page.tsx
 ⨯ ./app/dashboard/governance/components/CommunityPanel.tsx:6:1
Module not found: Can't resolve '../../discord/components/DiscordLivePanel'
  4 | import { MessageCircle, Maximize2, Minimize2 } from 'lucide-react';
  5 | import Tooltip from './Tooltip';
> 6 | import DiscordLivePanel from '../../discord/components/DiscordLivePanel';
    | ^
  7 |
  8 | export default function CommunityPanel() {
  9 |   const [isExpanded, setIsExpanded] = useState(false);

https://nextjs.org/docs/messages/module-not-found

Import trace for requested module:
./app/dashboard/governance/page.tsx
 ⨯ ./app/dashboard/governance/components/CommunityPanel.tsx:6:1
Module not found: Can't resolve '../../discord/components/DiscordLivePanel'
  4 | import { MessageCircle, Maximize2, Minimize2 } from 'lucide-react';
  5 | import Tooltip from './Tooltip';
> 6 | import DiscordLivePanel from '../../discord/components/DiscordLivePanel';
    | ^
  7 |
  8 | export default function CommunityPanel() {
  9 |   const [isExpanded, setIsExpanded] = useState(false);

https://nextjs.org/docs/messages/module-not-found

Import trace for requested module:
./app/dashboard/governance/page.tsx
 ⨯ ./app/dashboard/governance/components/CommunityPanel.tsx:6:1
Module not found: Can't resolve '../../discord/components/DiscordLivePanel'
  4 | import { MessageCircle, Maximize2, Minimize2 } from 'lucide-react';
  5 | import Tooltip from './Tooltip';
> 6 | import DiscordLivePanel from '../../discord/components/DiscordLivePanel';
    | ^
  7 |
  8 | export default function CommunityPanel() {
  9 |   const [isExpanded, setIsExpanded] = useState(false);

https://nextjs.org/docs/messages/module-not-found

Import trace for requested module:
./app/dashboard/governance/page.tsx
 GET /login 500 in 56ms
 ✓ Compiled / in 687ms (1270 modules)
 GET / 500 in 742ms
 GET / 500 in 28ms
 GET / 500 in 20ms
 ✓ Compiled in 2.3s (1390 modules)
 ⚠ Fast Refresh had to perform a full reload due to a runtime error.
 GET / 200 in 363ms
 ○ Compiling /_not-found ...
 ✓ Compiled /_not-found in 1727ms (2650 modules)
 ○ Compiling /api/account/me ...
 ✓ Compiled /api/account/me in 619ms (1286 modules)
 GET /api/account/me 200 in 910ms
 GET / 200 in 92ms
 GET /login 200 in 27ms
 GET /login 200 in 18ms
 ✓ Compiled /api/auth/[...path] in 331ms (1288 modules)
 POST /api/auth/debug-session 200 in 518ms
 GET /login 200 in 87ms
 GET /dashboard 200 in 101ms
 ✓ Compiled /api/v1/system/pulse in 427ms (1290 modules)
 ✓ Compiled in 1ms (1290 modules)
 ✓ Compiled in 1ms (1290 modules)
 ✓ Compiled in 1ms (1290 modules)
 GET /api/v1/system/pulse 200 in 1783ms
 GET /api/account/me 200 in 1693ms
 ✓ Compiled /api/nodes in 0ms (1290 modules)
 GET /dashboard 200 in 1804ms
 ✓ Compiled (1295 modules)
[Feature Flags]: {
  NODLR_DISABLE_SIM: false,
  COMMAND_DISABLE_SIM: false,
  NODLR_DEBUG_REGISTRATION: false
}
Nodlr API /api/nodes: Missing authorization or user-id headers
 GET /api/nodes 200 in 832ms
 GET /api/account/me 200 in 980ms
 GET /api/v1/impact 200 in 861ms
 GET /api/account/me 200 in 23ms
 GET /dashboard 200 in 83ms
 ○ Compiling /dashboard/governance ...
 ✓ Compiled /dashboard/governance in 1195ms (1336 modules)
 GET /dashboard/governance 200 in 1280ms
 GET /api/account/me 200 in 30ms
 ○ Compiling /api/discord/gateway/stream ...
 ✓ Compiled /api/discord/gateway/stream in 1116ms (2720 modules)
 GET /api/account/me 200 in 1223ms
 GET /api/discord/guild/1496144706776600697/channels 200 in 2170ms
 GET /api/discord/guild/1496144706776600697/channels 200 in 44ms
 GET /api/v1/system/pulse 200 in 24ms
 GET /api/v1/system/pulse 200 in 24ms
 GET /api/v1/system/pulse 200 in 17ms
 GET /api/v1/system/pulse 200 in 16ms
 GET /api/v1/system/pulse 200 in 14ms
 GET /api/v1/system/pulse 200 in 17ms
 GET /api/v1/system/pulse 200 in 13ms
 GET /api/v1/system/pulse 200 in 13ms
 GET /api/v1/system/pulse 200 in 15ms
 GET /api/v1/system/pulse 200 in 14ms
 GET /api/v1/system/pulse 200 in 13ms
 GET /api/v1/system/pulse 200 in 13ms
 GET /api/v1/system/pulse 200 in 14ms
 GET /api/v1/system/pulse 200 in 14ms
 GET /api/v1/system/pulse 200 in 12ms
 GET /api/v1/system/pulse 200 in 13ms
 GET /api/v1/system/pulse 200 in 21ms
 GET /api/v1/system/pulse 200 in 14ms
 GET /api/v1/system/pulse 200 in 15ms
 GET /api/v1/system/pulse 200 in 15ms
 GET /api/v1/system/pulse 200 in 14ms
 GET /api/v1/system/pulse 200 in 12ms
 GET /api/v1/system/pulse 200 in 13ms
 GET /api/v1/system/pulse 200 in 12ms
 GET /api/v1/system/pulse 200 in 15ms
 GET /api/v1/system/pulse 200 in 13ms
 GET /api/v1/system/pulse 200 in 12ms
 GET /api/v1/system/pulse 200 in 12ms
 GET /api/v1/system/pulse 200 in 16ms
 GET /api/v1/system/pulse 200 in 16ms
 GET /api/v1/system/pulse 200 in 11ms
 GET /api/v1/system/pulse 200 in 12ms
 GET /api/v1/system/pulse 200 in 22ms
 GET /api/v1/system/pulse 200 in 14ms
 GET /api/v1/system/pulse 200 in 12ms
 GET /api/v1/system/pulse 200 in 23ms
 GET /api/v1/system/pulse 200 in 13ms
 GET /api/v1/system/pulse 200 in 13ms
 GET /api/v1/system/pulse 200 in 14ms
 GET /api/v1/system/pulse 200 in 22ms
 GET /api/v1/system/pulse 200 in 14ms
 GET /api/v1/system/pulse 200 in 14ms
 GET /api/v1/system/pulse 200 in 20ms
 GET /api/v1/system/pulse 200 in 18ms
 GET /api/v1/system/pulse 200 in 12ms
 GET /api/v1/system/pulse 200 in 15ms
 GET /api/v1/system/pulse 200 in 13ms
 GET /api/v1/system/pulse 200 in 11ms
 GET /api/v1/system/pulse 200 in 23ms
 GET /api/v1/system/pulse 200 in 14ms
 GET /api/v1/system/pulse 200 in 11ms
 GET /api/v1/system/pulse 200 in 13ms
 GET /api/v1/system/pulse 200 in 13ms
 GET /api/v1/system/pulse 200 in 16ms
 ✓ Compiled in 1421ms (1390 modules)
 GET /dashboard/governance 200 in 99ms
 GET /api/v1/system/pulse 200 in 20ms
 GET /api/v1/system/pulse 200 in 11ms
 ✓ Compiled in 852ms (1390 modules)
 GET /dashboard/governance 200 in 37ms
 GET /api/v1/system/pulse 200 in 11ms
 GET /api/v1/system/pulse 200 in 14ms
 ✓ Compiled in 1531ms (1390 modules)
 GET /dashboard/governance 200 in 38ms
 GET /api/v1/system/pulse 200 in 18ms
 GET /api/v1/system/pulse 200 in 9ms
 ✓ Compiled in 738ms (1390 modules)
 GET /dashboard/governance 200 in 32ms
 GET /api/v1/system/pulse 200 in 11ms
 GET /api/v1/system/pulse 200 in 13ms
 ✓ Compiled in 813ms (1390 modules)
 GET /dashboard/governance 200 in 462ms
 GET /api/v1/system/pulse 200 in 15ms
 GET /api/v1/system/pulse 200 in 12ms
 ✓ Compiled in 1326ms (1390 modules)
 GET /dashboard/governance 200 in 37ms
 GET /api/v1/system/pulse 200 in 14ms
 GET /api/v1/system/pulse 200 in 9ms
 ✓ Compiled in 784ms (1390 modules)
 GET /dashboard/governance 200 in 38ms
 GET /api/v1/system/pulse 200 in 13ms
 GET /api/v1/system/pulse 200 in 13ms
 GET /api/v1/system/pulse 200 in 10ms
 GET /api/v1/system/pulse 200 in 14ms
 GET /api/v1/system/pulse 200 in 16ms
 GET /api/v1/system/pulse 200 in 14ms
 GET /api/v1/system/pulse 200 in 13ms
 GET /api/v1/system/pulse 200 in 14ms
 ✓ Compiled in 1231ms (1390 modules)
 GET /dashboard/governance 200 in 29ms
 ✓ Compiled in 598ms (1390 modules)
 GET /dashboard/governance 200 in 36ms
 ✓ Compiled in 542ms (1390 modules)
 GET /dashboard/governance 200 in 30ms
 ✓ Compiled in 481ms (1390 modules)
 GET /dashboard/governance 200 in 27ms
 GET /api/v1/system/pulse 200 in 15ms
 ✓ Compiled in 511ms (1390 modules)
 GET /dashboard/governance 200 in 29ms
 ✓ Compiled in 553ms (1390 modules)
 GET /dashboard/governance 200 in 39ms
 ✓ Compiled in 699ms (1390 modules)
 GET /dashboard/governance 200 in 30ms
 GET /api/v1/system/pulse 200 in 15ms
 GET /api/v1/system/pulse 200 in 10ms
 GET /api/v1/system/pulse 200 in 11ms
 GET /api/v1/system/pulse 200 in 23ms
 GET /api/v1/system/pulse 200 in 16ms
 GET /api/v1/system/pulse 200 in 27ms
 ○ Compiling /dashboard/help ...
 ✓ Compiled /dashboard/help in 3.3s (2700 modules)
 GET /api/v1/system/pulse 200 in 1957ms
 GET /dashboard/help 200 in 3828ms
 GET /api/discord/gateway/stream 200 in 1437703ms
 GET /api/v1/system/pulse 200 in 11ms
 GET /api/v1/system/pulse 200 in 18ms
 GET /api/v1/system/pulse 200 in 20ms
 GET /api/v1/system/pulse 200 in 285ms
 GET /api/v1/system/pulse 200 in 12ms
 GET /api/v1/system/pulse 200 in 33ms
 GET /api/v1/system/pulse 200 in 19ms
 GET /api/v1/system/pulse 200 in 15ms
 GET /api/v1/system/pulse 200 in 11ms
 GET /api/v1/system/pulse 200 in 12ms
 GET /api/v1/system/pulse 200 in 12ms
 GET /api/v1/system/pulse 200 in 12ms
 GET /api/v1/system/pulse 200 in 13ms
 GET /api/v1/system/pulse 200 in 16ms
 GET /api/v1/system/pulse 200 in 13ms
 GET /api/v1/system/pulse 200 in 13ms
 GET /api/v1/system/pulse 200 in 14ms
 GET /api/v1/system/pulse 200 in 13ms
 GET /api/v1/system/pulse 200 in 12ms
 GET /api/v1/system/pulse 200 in 18ms
 GET /api/v1/system/pulse 200 in 14ms
 GET /api/v1/system/pulse 200 in 13ms
 GET /api/v1/system/pulse 200 in 11ms
 GET /api/v1/system/pulse 200 in 17ms
 GET /api/v1/system/pulse 200 in 13ms
 GET /api/v1/system/pulse 200 in 32ms
 GET /api/v1/system/pulse 200 in 50ms
 GET /api/v1/system/pulse 200 in 14ms
 GET /api/v1/system/pulse 200 in 14ms
 GET /api/v1/system/pulse 200 in 14ms
 GET /api/v1/system/pulse 200 in 33ms
 GET /api/v1/system/pulse 200 in 16ms
 GET /api/v1/system/pulse 200 in 13ms
 GET /api/v1/system/pulse 200 in 15ms
 GET /api/v1/system/pulse 200 in 29ms
 GET /api/v1/system/pulse 200 in 13ms
 GET /api/v1/system/pulse 200 in 13ms
 GET /api/v1/system/pulse 200 in 16ms
 GET /api/v1/system/pulse 200 in 15ms
 GET /api/v1/system/pulse 200 in 12ms
 GET /api/v1/system/pulse 200 in 25ms
 GET /api/v1/system/pulse 200 in 39ms
 GET /api/v1/system/pulse 200 in 12ms
 GET /api/v1/system/pulse 200 in 12ms
 GET /api/v1/system/pulse 200 in 12ms
 GET /api/v1/system/pulse 200 in 13ms
 GET /api/v1/system/pulse 200 in 12ms
 GET /api/v1/system/pulse 200 in 12ms
 GET /api/v1/system/pulse 200 in 13ms
 GET /api/v1/system/pulse 200 in 14ms
 GET /api/v1/system/pulse 200 in 13ms
 GET /api/v1/system/pulse 200 in 11ms
 GET /api/v1/system/pulse 200 in 12ms
 GET /api/v1/system/pulse 200 in 13ms
 GET /api/v1/system/pulse 200 in 12ms
 GET /api/v1/system/pulse 200 in 14ms
 GET /api/v1/system/pulse 200 in 12ms
 GET /api/v1/system/pulse 200 in 12ms
 GET /api/v1/system/pulse 200 in 13ms
 GET /api/v1/system/pulse 200 in 11ms
 GET /api/v1/system/pulse 200 in 19ms
 GET /api/v1/system/pulse 200 in 28ms
 GET /api/v1/system/pulse 200 in 12ms
 GET /api/v1/system/pulse 200 in 13ms
 GET /api/v1/system/pulse 200 in 14ms
 GET /api/v1/system/pulse 200 in 12ms
 GET /api/v1/system/pulse 200 in 12ms
 GET /api/v1/system/pulse 200 in 12ms
 GET /api/v1/system/pulse 200 in 20ms
 GET /api/v1/system/pulse 200 in 13ms
 GET /api/v1/system/pulse 200 in 12ms
 GET /api/v1/system/pulse 200 in 12ms
 GET /api/v1/system/pulse 200 in 16ms
 GET /api/v1/system/pulse 200 in 12ms
 GET /api/v1/system/pulse 200 in 13ms
 GET /api/v1/system/pulse 200 in 13ms
 GET /api/v1/system/pulse 200 in 19ms
 GET /api/v1/system/pulse 200 in 13ms
 GET /api/v1/system/pulse 200 in 12ms
 GET /api/v1/system/pulse 200 in 11ms
 GET /api/v1/system/pulse 200 in 17ms
 GET /api/v1/system/pulse 200 in 12ms
 GET /api/v1/system/pulse 200 in 11ms
 GET /api/v1/system/pulse 200 in 12ms
 GET /api/v1/system/pulse 200 in 23ms
 GET /api/v1/system/pulse 200 in 12ms
 GET /api/v1/system/pulse 200 in 14ms
 GET /api/v1/system/pulse 200 in 12ms
 GET /api/v1/system/pulse 200 in 13ms
 GET /api/v1/system/pulse 200 in 13ms
 GET /api/v1/system/pulse 200 in 21ms
 GET /api/v1/system/pulse 200 in 12ms
 GET /api/v1/system/pulse 200 in 12ms
 GET /api/v1/system/pulse 200 in 13ms
 GET /api/v1/system/pulse 200 in 19ms
 GET /api/v1/system/pulse 200 in 11ms
 GET /api/v1/system/pulse 200 in 12ms
 GET /api/v1/system/pulse 200 in 11ms
 GET /api/v1/system/pulse 200 in 15ms
 GET /api/v1/system/pulse 200 in 13ms
 GET /api/v1/system/pulse 200 in 19ms
 GET /api/v1/system/pulse 200 in 12ms
 GET /api/v1/system/pulse 200 in 12ms
 GET /api/v1/system/pulse 200 in 11ms
 GET /api/v1/system/pulse 200 in 13ms
 GET /api/v1/system/pulse 200 in 14ms
 GET /api/v1/system/pulse 200 in 13ms
 GET /api/v1/system/pulse 200 in 11ms
 GET /api/v1/system/pulse 200 in 14ms
 GET /api/v1/system/pulse 200 in 12ms
 GET /api/v1/system/pulse 200 in 20ms
 GET /api/v1/system/pulse 200 in 14ms
 GET /api/v1/system/pulse 200 in 86ms
 GET /api/v1/system/pulse 200 in 13ms
 GET /api/v1/system/pulse 200 in 12ms
 GET /api/v1/system/pulse 200 in 15ms
 GET /api/v1/system/pulse 200 in 20ms
 GET /api/v1/system/pulse 200 in 15ms
 GET /api/v1/system/pulse 200 in 12ms
 GET /api/v1/system/pulse 200 in 12ms
 GET /api/v1/system/pulse 200 in 24ms
 GET /api/v1/system/pulse 200 in 14ms
 GET /api/v1/system/pulse 200 in 13ms
 GET /api/v1/system/pulse 200 in 13ms
 GET /api/v1/system/pulse 200 in 21ms
 GET /api/v1/system/pulse 200 in 12ms
 GET /api/v1/system/pulse 200 in 13ms
 GET /api/v1/system/pulse 200 in 12ms
 GET /api/v1/system/pulse 200 in 15ms
 GET /api/v1/system/pulse 200 in 14ms
 GET /api/v1/system/pulse 200 in 12ms
 GET /api/v1/system/pulse 200 in 12ms
 GET /api/v1/system/pulse 200 in 20ms
 GET /api/v1/system/pulse 200 in 12ms
 GET /api/v1/system/pulse 200 in 13ms
 GET /api/v1/system/pulse 200 in 12ms
 GET /api/v1/system/pulse 200 in 20ms
 GET /api/v1/system/pulse 200 in 12ms
 GET /api/v1/system/pulse 200 in 12ms
 GET /api/v1/system/pulse 200 in 12ms
 GET /api/v1/system/pulse 200 in 22ms
 GET /api/v1/system/pulse 200 in 12ms
 GET /api/v1/system/pulse 200 in 12ms
 GET /api/v1/system/pulse 200 in 11ms
 GET /api/v1/system/pulse 200 in 14ms
 GET /api/v1/system/pulse 200 in 12ms
 GET /api/v1/system/pulse 200 in 14ms
 GET /api/v1/system/pulse 200 in 12ms
 GET /api/v1/system/pulse 200 in 13ms
 GET /api/v1/system/pulse 200 in 13ms
 GET /api/v1/system/pulse 200 in 15ms
 GET /api/v1/system/pulse 200 in 11ms
 GET /api/v1/system/pulse 200 in 13ms
 GET /api/v1/system/pulse 200 in 11ms
 GET /api/v1/system/pulse 200 in 11ms
 GET /api/v1/system/pulse 200 in 13ms
 GET /api/v1/system/pulse 200 in 18ms
 GET /api/v1/system/pulse 200 in 12ms
 GET /api/v1/system/pulse 200 in 11ms
 GET /api/v1/system/pulse 200 in 12ms
 GET /api/v1/system/pulse 200 in 15ms
 GET /api/v1/system/pulse 200 in 12ms
 GET /api/v1/system/pulse 200 in 13ms
 GET /api/v1/system/pulse 200 in 10ms
 GET /api/v1/system/pulse 200 in 12ms
 GET /api/v1/system/pulse 200 in 12ms
 GET /api/v1/system/pulse 200 in 12ms
 GET /api/v1/system/pulse 200 in 13ms
 GET /api/v1/system/pulse 200 in 12ms
 GET /api/v1/system/pulse 200 in 11ms
 GET /api/v1/system/pulse 200 in 18ms
 GET /api/v1/system/pulse 200 in 11ms
 GET /api/v1/system/pulse 200 in 11ms
 GET /api/v1/system/pulse 200 in 11ms
 GET /api/v1/system/pulse 200 in 13ms
 GET /api/v1/system/pulse 200 in 12ms
 GET /api/v1/system/pulse 200 in 13ms
 GET /api/v1/system/pulse 200 in 12ms
 GET /api/v1/system/pulse 200 in 12ms
 GET /api/v1/system/pulse 200 in 11ms
 GET /api/v1/system/pulse 200 in 19ms
 GET /api/v1/system/pulse 200 in 12ms
 GET /api/v1/system/pulse 200 in 13ms
 GET /api/v1/system/pulse 200 in 12ms
 GET /api/v1/system/pulse 200 in 11ms
 GET /api/v1/system/pulse 200 in 12ms
 GET /api/v1/system/pulse 200 in 12ms
 GET /api/v1/system/pulse 200 in 11ms
 GET /api/v1/system/pulse 200 in 13ms
 GET /api/v1/system/pulse 200 in 11ms
 GET /api/v1/system/pulse 200 in 16ms
 GET /api/v1/system/pulse 200 in 12ms
 GET /api/v1/system/pulse 200 in 12ms
 GET /api/v1/system/pulse 200 in 11ms
 GET /api/v1/system/pulse 200 in 16ms
 GET /api/v1/system/pulse 200 in 11ms
 GET /api/v1/system/pulse 200 in 12ms
 GET /api/v1/system/pulse 200 in 12ms
 GET /api/v1/system/pulse 200 in 16ms
 GET /api/v1/system/pulse 200 in 13ms
 GET /api/v1/system/pulse 200 in 13ms
 GET /api/v1/system/pulse 200 in 12ms
 GET /api/v1/system/pulse 200 in 20ms
 GET /api/v1/system/pulse 200 in 12ms
 GET /api/v1/system/pulse 200 in 12ms
 GET /api/v1/system/pulse 200 in 11ms
 GET /api/v1/system/pulse 200 in 12ms
 GET /api/v1/system/pulse 200 in 12ms
 GET /api/v1/system/pulse 200 in 12ms
 GET /api/v1/system/pulse 200 in 12ms
 GET /api/v1/system/pulse 200 in 17ms
 GET /api/v1/system/pulse 200 in 11ms
 GET /api/v1/system/pulse 200 in 12ms
 GET /api/v1/system/pulse 200 in 11ms
 GET /api/v1/system/pulse 200 in 16ms
 GET /api/v1/system/pulse 200 in 17ms
 GET /api/v1/system/pulse 200 in 13ms
 GET /api/v1/system/pulse 200 in 11ms
 GET /api/v1/system/pulse 200 in 11ms
 GET /api/v1/system/pulse 200 in 21ms
 GET /api/v1/system/pulse 200 in 17ms
 GET /api/v1/system/pulse 200 in 11ms
 GET /api/v1/system/pulse 200 in 12ms
 GET /api/v1/system/pulse 200 in 12ms
 GET /api/v1/system/pulse 200 in 13ms
 GET /api/v1/system/pulse 200 in 11ms
 GET /api/v1/system/pulse 200 in 11ms
 GET /api/v1/system/pulse 200 in 11ms
 GET /api/v1/system/pulse 200 in 12ms
 GET /api/v1/system/pulse 200 in 12ms
 GET /api/v1/system/pulse 200 in 11ms
 GET /api/v1/system/pulse 200 in 11ms
 GET /api/v1/system/pulse 200 in 21ms
 GET /api/v1/system/pulse 200 in 11ms
 GET /api/v1/system/pulse 200 in 11ms
 GET /api/v1/system/pulse 200 in 11ms
 GET /api/v1/system/pulse 200 in 17ms
 GET /api/v1/system/pulse 200 in 12ms
 GET /api/v1/system/pulse 200 in 12ms
 GET /api/v1/system/pulse 200 in 12ms
 GET /api/v1/system/pulse 200 in 13ms
 GET /api/v1/system/pulse 200 in 13ms
 GET /api/v1/system/pulse 200 in 13ms
 GET /api/v1/system/pulse 200 in 12ms
 GET /api/v1/system/pulse 200 in 13ms
 GET /api/v1/system/pulse 200 in 12ms
 GET /api/v1/system/pulse 200 in 11ms
 GET /api/v1/system/pulse 200 in 12ms
 GET /api/v1/system/pulse 200 in 13ms
 GET /api/v1/system/pulse 200 in 13ms
 GET /api/v1/system/pulse 200 in 14ms
 GET /api/v1/system/pulse 200 in 12ms
 GET /api/v1/system/pulse 200 in 12ms
 GET /api/v1/system/pulse 200 in 11ms
 GET /api/v1/system/pulse 200 in 11ms
 GET /api/v1/system/pulse 200 in 11ms
 GET /api/v1/system/pulse 200 in 19ms
 GET /api/v1/system/pulse 200 in 12ms
 GET /api/v1/system/pulse 200 in 11ms
 GET /api/v1/system/pulse 200 in 11ms
 GET /api/v1/system/pulse 200 in 14ms
 GET /api/v1/system/pulse 200 in 13ms
 GET /api/v1/system/pulse 200 in 11ms
 GET /api/v1/system/pulse 200 in 12ms
 GET /api/v1/system/pulse 200 in 12ms
 GET /api/v1/system/pulse 200 in 12ms
 GET /api/v1/system/pulse 200 in 12ms
 GET /api/v1/system/pulse 200 in 14ms
 GET /api/v1/system/pulse 200 in 12ms
 GET /api/v1/system/pulse 200 in 11ms
 GET /api/v1/system/pulse 200 in 12ms
 GET /api/v1/system/pulse 200 in 12ms
 GET /api/v1/system/pulse 200 in 12ms
 GET /api/v1/system/pulse 200 in 11ms
 GET /api/v1/system/pulse 200 in 18ms
 GET /api/v1/system/pulse 200 in 12ms
 GET /api/v1/system/pulse 200 in 12ms
 GET /api/v1/system/pulse 200 in 12ms
 GET /api/v1/system/pulse 200 in 10ms
 GET /api/v1/system/pulse 200 in 12ms
 GET /api/v1/system/pulse 200 in 18ms
 GET /api/v1/system/pulse 200 in 11ms
 GET /api/v1/system/pulse 200 in 13ms
 GET /api/v1/system/pulse 200 in 12ms
 GET /api/v1/system/pulse 200 in 12ms
 GET /api/v1/system/pulse 200 in 12ms
 GET /api/v1/system/pulse 200 in 12ms
 GET /api/v1/system/pulse 200 in 12ms
 GET /api/v1/system/pulse 200 in 12ms
 GET /api/v1/system/pulse 200 in 12ms
 GET /api/v1/system/pulse 200 in 13ms
 GET /api/v1/system/pulse 200 in 11ms
 GET /api/v1/system/pulse 200 in 19ms
 GET /api/v1/system/pulse 200 in 12ms
 GET /api/v1/system/pulse 200 in 13ms
 GET /api/v1/system/pulse 200 in 12ms
 GET /api/v1/system/pulse 200 in 18ms
 GET /api/v1/system/pulse 200 in 12ms
 GET /api/v1/system/pulse 200 in 12ms
 GET /api/v1/system/pulse 200 in 12ms
 GET /api/v1/system/pulse 200 in 17ms
 GET /api/v1/system/pulse 200 in 13ms
 GET /api/v1/system/pulse 200 in 12ms
 GET /api/v1/system/pulse 200 in 13ms
 GET /api/v1/system/pulse 200 in 13ms
 GET /api/v1/system/pulse 200 in 29ms
 GET /api/v1/system/pulse 200 in 13ms
 GET /api/v1/system/pulse 200 in 12ms
 GET /api/v1/system/pulse 200 in 11ms
 GET /api/v1/system/pulse 200 in 11ms
 GET /api/v1/system/pulse 200 in 22ms
 GET /api/v1/system/pulse 200 in 11ms
 GET /api/v1/system/pulse 200 in 12ms
 GET /api/v1/system/pulse 200 in 13ms
 GET /api/v1/system/pulse 200 in 17ms
 GET /api/v1/system/pulse 200 in 17ms
 GET /api/v1/system/pulse 200 in 11ms
 GET /api/v1/system/pulse 200 in 13ms
 GET /api/v1/system/pulse 200 in 12ms
 GET /api/v1/system/pulse 200 in 12ms
 GET /api/v1/system/pulse 200 in 12ms
 GET /api/v1/system/pulse 200 in 11ms
 GET /api/v1/system/pulse 200 in 18ms
 GET /api/v1/system/pulse 200 in 15ms
 GET /api/v1/system/pulse 200 in 12ms
 GET /api/v1/system/pulse 200 in 12ms
 GET /api/v1/system/pulse 200 in 13ms
 GET /api/v1/system/pulse 200 in 11ms
 GET /api/v1/system/pulse 200 in 11ms
 GET /api/v1/system/pulse 200 in 11ms
 GET /api/v1/system/pulse 200 in 16ms
 GET /api/v1/system/pulse 200 in 10ms
 GET /api/v1/system/pulse 200 in 12ms
 GET /api/v1/system/pulse 200 in 11ms
 GET /api/v1/system/pulse 200 in 22ms
 GET /api/v1/system/pulse 200 in 17ms
 GET /api/v1/system/pulse 200 in 12ms
 GET /api/v1/system/pulse 200 in 12ms
 GET /api/v1/system/pulse 200 in 12ms
 GET /api/v1/system/pulse 200 in 11ms
 GET /api/v1/system/pulse 200 in 17ms
 GET /api/v1/system/pulse 200 in 12ms
 GET /api/v1/system/pulse 200 in 13ms
 GET /api/v1/system/pulse 200 in 11ms
 GET /api/v1/system/pulse 200 in 12ms
 GET /api/v1/system/pulse 200 in 12ms
 GET /api/v1/system/pulse 200 in 13ms
 GET /api/v1/system/pulse 200 in 11ms
 GET /api/v1/system/pulse 200 in 11ms
 GET /api/v1/system/pulse 200 in 13ms
 GET /api/v1/system/pulse 200 in 18ms
 GET /api/v1/system/pulse 200 in 14ms
 GET /api/v1/system/pulse 200 in 12ms
 GET /api/v1/system/pulse 200 in 11ms
 GET /api/v1/system/pulse 200 in 16ms
 GET /api/v1/system/pulse 200 in 13ms
 GET /api/v1/system/pulse 200 in 13ms
 GET /api/v1/system/pulse 200 in 11ms
 GET /api/v1/system/pulse 200 in 11ms
 GET /api/v1/system/pulse 200 in 12ms
 GET /api/v1/system/pulse 200 in 12ms
 GET /api/v1/system/pulse 200 in 13ms
 GET /api/v1/system/pulse 200 in 15ms
 GET /api/v1/system/pulse 200 in 18ms
 GET /api/v1/system/pulse 200 in 13ms
 GET /api/v1/system/pulse 200 in 12ms
 GET /api/v1/system/pulse 200 in 12ms
 GET /api/v1/system/pulse 200 in 12ms
 GET /api/v1/system/pulse 200 in 12ms
 GET /api/v1/system/pulse 200 in 13ms
 GET /api/v1/system/pulse 200 in 16ms
 GET /api/v1/system/pulse 200 in 12ms
 GET /api/v1/system/pulse 200 in 12ms
 GET /api/v1/system/pulse 200 in 11ms
 GET /api/v1/system/pulse 200 in 12ms
 GET /api/v1/system/pulse 200 in 12ms
 GET /api/v1/system/pulse 200 in 18ms
 GET /api/v1/system/pulse 200 in 12ms
 GET /api/v1/system/pulse 200 in 14ms
 GET /api/v1/system/pulse 200 in 11ms
 GET /api/v1/system/pulse 200 in 14ms
 GET /api/v1/system/pulse 200 in 17ms
 GET /api/v1/system/pulse 200 in 12ms
 GET /api/v1/system/pulse 200 in 13ms
 GET /api/v1/system/pulse 200 in 12ms
 GET /api/v1/system/pulse 200 in 11ms
 GET /api/v1/system/pulse 200 in 13ms
 GET /api/v1/system/pulse 200 in 12ms
 GET /api/v1/system/pulse 200 in 12ms
 GET /api/v1/system/pulse 200 in 13ms
 GET /api/v1/system/pulse 200 in 11ms
 GET /api/v1/system/pulse 200 in 11ms
 GET /api/v1/system/pulse 200 in 17ms
 GET /api/v1/system/pulse 200 in 13ms
 GET /api/v1/system/pulse 200 in 12ms
 GET /api/v1/system/pulse 200 in 11ms
 GET /api/v1/system/pulse 200 in 21ms
 GET /api/v1/system/pulse 200 in 20ms
 GET /api/v1/system/pulse 200 in 14ms
 GET /api/v1/system/pulse 200 in 12ms
 GET /api/v1/system/pulse 200 in 17ms
 GET /api/v1/system/pulse 200 in 16ms
 GET /api/v1/system/pulse 200 in 14ms
 GET /api/v1/system/pulse 200 in 11ms
 GET /api/v1/system/pulse 200 in 11ms
 GET /api/v1/system/pulse 200 in 12ms
 GET /api/v1/system/pulse 200 in 12ms
 GET /api/v1/system/pulse 200 in 11ms
 GET /api/v1/system/pulse 200 in 13ms
 GET /api/v1/system/pulse 200 in 12ms
 GET /api/v1/system/pulse 200 in 17ms
 GET /api/v1/system/pulse 200 in 11ms
 GET /api/v1/system/pulse 200 in 12ms
 GET /api/v1/system/pulse 200 in 12ms
 GET /api/v1/system/pulse 200 in 13ms
 GET /api/v1/system/pulse 200 in 12ms
 GET /api/v1/system/pulse 200 in 25ms
 GET /api/v1/system/pulse 200 in 12ms
 GET /api/v1/system/pulse 200 in 13ms
 GET /api/v1/system/pulse 200 in 11ms
 GET /api/v1/system/pulse 200 in 16ms
 GET /api/v1/system/pulse 200 in 22ms
 GET /api/v1/system/pulse 200 in 12ms
 GET /api/v1/system/pulse 200 in 11ms
 GET /api/v1/system/pulse 200 in 13ms
 GET /api/v1/system/pulse 200 in 12ms
 GET /api/v1/system/pulse 200 in 12ms
 GET /api/v1/system/pulse 200 in 12ms
 GET /api/v1/system/pulse 200 in 17ms
 GET /api/v1/system/pulse 200 in 13ms
 GET /api/v1/system/pulse 200 in 15ms
 GET /api/v1/system/pulse 200 in 12ms
 GET /api/v1/system/pulse 200 in 31ms
 GET /api/v1/system/pulse 200 in 13ms
 GET /api/v1/system/pulse 200 in 12ms
 GET /api/v1/system/pulse 200 in 13ms
 GET /api/v1/system/pulse 200 in 29ms
 GET /api/v1/system/pulse 200 in 20ms
 GET /api/v1/system/pulse 200 in 12ms
 GET /api/v1/system/pulse 200 in 19ms
 GET /api/v1/system/pulse 200 in 13ms
 GET /api/v1/system/pulse 200 in 11ms
 GET /api/v1/system/pulse 200 in 19ms
 GET /api/v1/system/pulse 200 in 19ms
 GET /api/v1/system/pulse 200 in 13ms
 GET /api/v1/system/pulse 200 in 13ms
 GET /api/v1/system/pulse 200 in 13ms
 GET /api/v1/system/pulse 200 in 19ms
 GET /api/v1/system/pulse 200 in 14ms
 GET /api/v1/system/pulse 200 in 13ms
 GET /api/v1/system/pulse 200 in 16ms
 GET /api/v1/system/pulse 200 in 19ms
 GET /api/v1/system/pulse 200 in 11ms
 GET /api/v1/system/pulse 200 in 11ms
 GET /api/v1/system/pulse 200 in 17ms
 GET /api/v1/system/pulse 200 in 22ms
 GET /api/v1/system/pulse 200 in 14ms
 GET /api/v1/system/pulse 200 in 11ms
 GET /api/v1/system/pulse 200 in 14ms
 GET /api/v1/system/pulse 200 in 16ms
 GET /api/v1/system/pulse 200 in 14ms
 GET /api/v1/system/pulse 200 in 12ms
 GET /api/v1/system/pulse 200 in 13ms
 GET /api/v1/system/pulse 200 in 12ms
 GET /api/v1/system/pulse 200 in 14ms
 GET /api/v1/system/pulse 200 in 13ms
 GET /api/v1/system/pulse 200 in 12ms
 GET /api/v1/system/pulse 200 in 11ms
 GET /api/v1/system/pulse 200 in 13ms
 GET /api/v1/system/pulse 200 in 13ms
 GET /api/v1/system/pulse 200 in 11ms
 GET /api/v1/system/pulse 200 in 16ms
 GET /api/v1/system/pulse 200 in 27ms
 GET /api/v1/system/pulse 200 in 12ms
 GET /api/v1/system/pulse 200 in 12ms
 GET /api/v1/system/pulse 200 in 14ms
 GET /api/v1/system/pulse 200 in 11ms
 GET /api/v1/system/pulse 200 in 12ms
 GET /api/v1/system/pulse 200 in 14ms
 GET /api/v1/system/pulse 200 in 15ms
 GET /api/v1/system/pulse 200 in 20ms
 GET /api/v1/system/pulse 200 in 19ms
 GET /api/v1/system/pulse 200 in 24ms
 GET /api/v1/system/pulse 200 in 34ms
 GET /api/v1/system/pulse 200 in 24ms
 GET /api/v1/system/pulse 200 in 23ms
 GET /api/v1/system/pulse 200 in 82ms
 GET /api/v1/system/pulse 200 in 18ms
 GET /api/v1/system/pulse 200 in 28ms
 GET /api/v1/system/pulse 200 in 19ms
 GET /api/v1/system/pulse 200 in 73ms
 GET /api/v1/system/pulse 200 in 19ms
 GET /api/v1/system/pulse 200 in 536ms
 GET /api/v1/system/pulse 200 in 552ms
 GET /api/v1/system/pulse 200 in 90ms
 GET /api/v1/system/pulse 200 in 94ms
 GET /api/v1/system/pulse 200 in 40ms
 GET /api/v1/system/pulse 200 in 26ms
 GET /api/v1/system/pulse 200 in 24ms
 GET /api/v1/system/pulse 200 in 27ms
 GET /api/v1/system/pulse 200 in 336ms
 GET /api/v1/system/pulse 200 in 374ms
 GET /api/v1/system/pulse 200 in 20ms
 GET /api/v1/system/pulse 200 in 24ms
 GET /api/v1/system/pulse 200 in 41ms
 GET /api/v1/system/pulse 200 in 124ms
