
> nodlr-portal@0.1.0 dev
> next dev -H 127.0.0.1 -p 3002 -p 3002

   ▲ Next.js 15.1.0
   - Local:        http://127.0.0.1:3002
   - Network:      http://127.0.0.1:3002
   - Environments: .env.local, .env

 ✓ Starting...
 ✓ Ready in 3.8s
 ○ Compiling /api/nodes ...
 ✓ Compiled /api/nodes in 4.8s (331 modules)
[Feature Flags]: {
  NODLR_DISABLE_SIM: false,
  COMMAND_DISABLE_SIM: false,
  NODLR_DEBUG_REGISTRATION: false
}
 GET /api/nodes 200 in 5400ms
 GET /api/nodes 200 in 32ms
 GET /api/nodes 200 in 53ms
 GET /api/nodes 200 in 28ms
 GET /api/nodes 200 in 21ms
 GET /api/nodes 200 in 18ms
 GET /api/nodes 200 in 16ms
 GET /api/nodes 200 in 23ms
 GET /api/nodes 200 in 28ms
 GET /api/nodes 200 in 18ms
 GET /api/nodes 200 in 14ms
 ○ Compiling / ...
 ✓ Compiled / in 9s (2227 modules)
[Feature Flags]: {
  NODLR_DISABLE_SIM: false,
  COMMAND_DISABLE_SIM: false,
  NODLR_DEBUG_REGISTRATION: false
}
 GET /api/nodes 200 in 1440ms
 GET / 200 in 10278ms
 ✓ Compiled in 1633ms (1077 modules)
 GET /api/nodes 200 in 30ms
 GET /api/nodes 200 in 29ms
 GET /api/nodes 200 in 23ms
 GET /api/nodes 200 in 16ms
 GET /api/nodes 200 in 34ms
 GET /api/nodes 200 in 108ms
 GET /api/nodes 200 in 13ms
 GET /api/nodes 200 in 16ms
 GET /api/nodes 200 in 20ms
 GET /api/nodes 200 in 19ms
 GET /api/nodes 200 in 13ms
 GET /api/nodes 200 in 14ms
 GET /api/nodes 200 in 16ms
 GET /api/nodes 200 in 14ms
 GET /api/nodes 200 in 11ms
 GET /api/nodes 200 in 17ms
 GET /api/nodes 200 in 16ms
 GET /api/nodes 200 in 19ms
 GET /api/nodes 200 in 17ms
 GET /api/nodes 200 in 21ms
 GET /api/nodes 200 in 22ms
 GET /api/nodes 200 in 22ms
 GET /api/nodes 200 in 16ms
 GET / 200 in 107ms
 ○ Compiling /login ...
 ✓ Compiled /login in 3s (2226 modules)
 GET /login 200 in 3328ms
 GET /login 200 in 43ms
[Feature Flags]: {
  NODLR_DISABLE_SIM: false,
  COMMAND_DISABLE_SIM: false,
  NODLR_DEBUG_REGISTRATION: false
}
 GET /api/nodes 200 in 40ms
 GET /api/nodes 200 in 14ms
 GET /api/nodes 200 in 84ms
 GET /api/nodes 200 in 59ms
 GET /api/nodes 200 in 21ms
 GET /api/nodes 200 in 13ms
 GET /api/nodes 200 in 12ms
 GET /api/nodes 200 in 12ms
 GET /api/nodes 200 in 14ms
 GET /api/nodes 200 in 11ms
 GET /api/nodes 200 in 15ms
 GET /api/nodes 200 in 66ms
 GET /api/nodes 200 in 13ms
 GET /api/nodes 200 in 12ms
 GET /api/nodes 200 in 15ms
 GET /api/nodes 200 in 11ms
 GET /api/nodes 200 in 12ms
 GET /api/nodes 200 in 37ms
 GET /api/nodes 200 in 11ms
 GET /api/nodes 200 in 12ms
 GET /api/nodes 200 in 11ms
 GET /api/nodes 200 in 14ms
 GET /api/nodes 200 in 10ms
