
> nodlr-portal@0.1.0 dev
> next dev -H 127.0.0.1 -p 3002

   ▲ Next.js 15.1.0
   - Local:        http://127.0.0.1:3002
   - Network:      http://127.0.0.1:3002
   - Environments: .env.local, .env

 ✓ Starting...
 ✓ Ready in 3.3s
 ○ Compiling /api/nodes ...
 ✓ Compiled /api/nodes in 3.6s (331 modules)
[Feature Flags]: {
  NODLR_DISABLE_SIM: false,
  COMMAND_DISABLE_SIM: false,
  NODLR_DEBUG_REGISTRATION: false
}
 HEAD /api/nodes 200 in 3924ms
 GET /api/nodes 200 in 44ms
 ○ Compiling / ...
 ✓ Compiled / in 14.8s (2236 modules)
 HEAD / 200 in 15339ms
 ✓ Compiled in 1373ms (1077 modules)
 ○ Compiling /dashboard ...
 ✓ Compiled /dashboard in 3s (2347 modules)
 GET /dashboard 200 in 3627ms
 ✓ Compiled /api/nodes in 456ms (1214 modules)
[Feature Flags]: {
  NODLR_DISABLE_SIM: false,
  COMMAND_DISABLE_SIM: false,
  NODLR_DEBUG_REGISTRATION: false
}
 GET /api/nodes 200 in 613ms
 ✓ Compiled / in 343ms (1229 modules)
 GET / 200 in 663ms
 ○ Compiling /login ...
 ✓ Compiled /login in 790ms (2373 modules)
 GET /login 200 in 928ms
 GET /login 200 in 23ms
 GET /login 200 in 21ms
 GET /dashboard 200 in 31ms
 GET /login 200 in 42ms
 GET /dashboard 200 in 44ms
 GET /login 200 in 48ms
 HEAD /login 200 in 380ms
 HEAD /dashboard 200 in 103ms
 GET /login 200 in 65ms
 GET /login 200 in 134ms
 ○ Compiling /_not-found ...
 ✓ Compiled /_not-found in 2.3s (2344 modules)
 GET /_next/static/css/app/layout.css?v=1777859766118 404 in 2685ms
 GET /_next/static/chunks/app-pages-internals.js 404 in 1895ms
 GET /_next/static/chunks/main-app.js?v=1777859766118 404 in 1916ms
 GET /_next/static/chunks/app/layout.js 404 in 1895ms
 GET /_next/static/chunks/app/login/page.js 404 in 1892ms
 GET /_next/static/chunks/webpack.js?v=1777859766118 404 in 2706ms
 ✓ Compiled / in 325ms (1221 modules)
 ⨯ Error: Cannot find module './207.js'
Require stack:
- /home/obregan/Documents/nodl/apps/wnoder/.next/server/webpack-runtime.js
- /home/obregan/Documents/nodl/apps/wnoder/.next/server/app/page.js
- /home/obregan/Documents/nodl/node_modules/next/dist/server/require.js
- /home/obregan/Documents/nodl/node_modules/next/dist/server/load-components.js
- /home/obregan/Documents/nodl/node_modules/next/dist/build/utils.js
- /home/obregan/Documents/nodl/node_modules/next/dist/build/swc/options.js
- /home/obregan/Documents/nodl/node_modules/next/dist/build/swc/index.js
- /home/obregan/Documents/nodl/node_modules/next/dist/build/analysis/parse-module.js
- /home/obregan/Documents/nodl/node_modules/next/dist/build/analysis/get-page-static-info.js
- /home/obregan/Documents/nodl/node_modules/next/dist/server/lib/router-utils/setup-dev-bundler.js
- /home/obregan/Documents/nodl/node_modules/next/dist/server/lib/router-server.js
- /home/obregan/Documents/nodl/node_modules/next/dist/server/lib/start-server.js
    at __webpack_require__.f.require (.next/server/webpack-runtime.js:198:28)
    at <unknown> (.next/server/webpack-runtime.js:111:40)
    at Array.reduce (<anonymous>)
    at __webpack_require__.e (.next/server/webpack-runtime.js:110:67)
    at Array.map (<anonymous>)
    at __webpack_require__.X (.next/server/webpack-runtime.js:162:22)
    at <unknown> (.next/server/app/page.js:1:10942)
    at Object.<anonymous> (.next/server/app/page.js:1:10992) {
  code: 'MODULE_NOT_FOUND',
  requireStack: [Array],
  page: '/'
}
 ○ Compiling /_error ...
 ✓ Compiled /_error in 3.5s (2603 modules)
 GET / 500 in 4492ms
[?25h
